Renesas Optimizing Linker (W2.08.00 )             07-Nov-2019 20:31:43

*** Options ***

-subcommand=DefaultBuild\2019baharat.clnk
-library=DefaultBuild\2019baharat.lib
-input=DefaultBuild\2019baharat.obj
-input=DefaultBuild\dbsct.obj
-input=DefaultBuild\intprg.obj
-input=DefaultBuild\resetprg.obj
-input=DefaultBuild\sbrk.obj
-input=DefaultBuild\vecttbl.obj
-input=DefaultBuild\hal_led.obj
-input=DefaultBuild\mode.obj
-input=DefaultBuild\lowlvl.obj
-input=DefaultBuild\lowsrc.obj
-input=DefaultBuild\hal_sci.obj
-input=DefaultBuild\hal_battery.obj
-input=DefaultBuild\hal_spk.obj
-input=DefaultBuild\hal_gyro.obj
-input=DefaultBuild\hal_spi.obj
-input=DefaultBuild\hal_dist.obj
-input=DefaultBuild\parameter.obj
-input=DefaultBuild\hal_dcm.obj
-input=DefaultBuild\hal_dcmCtrl.obj
-input=DefaultBuild\hal_enc.obj
-input=DefaultBuild\motion.obj
-input=DefaultBuild\map.obj
-input=DefaultBuild\hal_flash.obj
-noprelink
-output=DefaultBuild\2019baharat.abs
-list=DefaultBuild\2019baharat.map
-nooptimize
-start=B_1,R_1,B_2,R_2,B,R,SU,SI/04,PResetPRG/0FFF80000,C_1,C_2,C,C$DSEC,C$BSEC,C$INIT,C$VTBL,C$VECT,D_1,D_2,D,P,PIntPRG,W_1,W_2,W,L/0FFF80100,FIXEDVECT/0FFFFFFD0
-rom=D=R,D_1=R_1,D_2=R_2
-nologo
-end

*** Error information ***

*** Mapping List ***

SECTION                            START      END         SIZE   ALIGN
B_1
                                  00000004  00004551      454e   1
R_1
                                  00004552  000045a9        58   1
B_2
                                  000045aa  0000483f       296   2
R_2
                                  00004840  0000485f        20   2
B
                                  00004860  00004ed7       678   4
R
                                  00004ed8  0000521b       344   4
SU
                                  0000521c  0000531b       100   4
SI
                                  0000531c  0000561b       300   4
PResetPRG
                                  fff80000  fff80034        35   1
C_1
                                  fff80100  fff801d1        d2   1
C_2
                                  fff801d2  fff803d3       202   2
C
                                  fff803d4  fff82333      1f60   4
C$DSEC
                                  fff82334  fff82357        24   4
C$BSEC
                                  fff82358  fff8236f        18   4
C$INIT
                                  fff82370  fff82370         0   1
C$VTBL
                                  fff82370  fff82370         0   1
C$VECT
                                  fff82370  fff8276f       400   4
D_1
                                  fff82770  fff827c7        58   1
D_2
                                  fff827c8  fff827e7        20   2
D
                                  fff827e8  fff82b2b       344   4
P
                                  fff82b2c  fff90245      d71a   1
PIntPRG
                                  fff90246  fff9042b       1e6   1
W_1
                                  fff9042c  fff9044f        24   1
W_2
                                  fff90450  fff904e9        9a   2
W
                                  fff904ec  fff904ec         0   4
L
                                  fff904ec  fff90d60       875   4
$ADDR_C_FFFFFF80
                                  ffffff80  ffffff83         4   1
$ADDR_C_FFFFFFA0
                                  ffffffa0  ffffffaf        10   1
FIXEDVECT
                                  ffffffd0  ffffffff        30   4
