Renesas Optimizing Linker (W2.08.00 )             28-Oct-2019 00:05:08

*** Options ***

-subcommand=DefaultBuild\2019baharat.clnk
-library=DefaultBuild\2019baharat.lib
-input=DefaultBuild\2019baharat.obj
-input=DefaultBuild\dbsct.obj
-input=DefaultBuild\intprg.obj
-input=DefaultBuild\resetprg.obj
-input=DefaultBuild\sbrk.obj
-input=DefaultBuild\vecttbl.obj
-input=DefaultBuild\hal_led.obj
-input=DefaultBuild\mode.obj
-input=DefaultBuild\lowlvl.obj
-input=DefaultBuild\lowsrc.obj
-input=DefaultBuild\hal_sci.obj
-input=DefaultBuild\hal_battery.obj
-input=DefaultBuild\hal_spk.obj
-input=DefaultBuild\hal_gyro.obj
-input=DefaultBuild\hal_spi.obj
-input=DefaultBuild\hal_dist.obj
-input=DefaultBuild\parameter.obj
-input=DefaultBuild\hal_dcm.obj
-input=DefaultBuild\hal_dcmCtrl.obj
-input=DefaultBuild\hal_enc.obj
-input=DefaultBuild\motion.obj
-input=DefaultBuild\map.obj
-input=DefaultBuild\hal_flash.obj
-noprelink
-output=DefaultBuild\2019baharat.abs
-list=DefaultBuild\2019baharat.map
-nooptimize
-start=B_1,R_1,B_2,R_2,B,R,SU,SI/04,PResetPRG/0FFF80000,C_1,C_2,C,C$DSEC,C$BSEC,C$INIT,C$VTBL,C$VECT,D_1,D_2,D,P,PIntPRG,W_1,W_2,W,L/0FFF80100,FIXEDVECT/0FFFFFFD0
-rom=D=R,D_1=R_1,D_2=R_2
-nologo
-end

*** Error information ***

*** Mapping List ***

SECTION                            START      END         SIZE   ALIGN
B_1
                                  00000004  00004230      422d   1
R_1
                                  00004231  00004286        56   1
B_2
                                  00004288  0000451d       296   2
R_2
                                  0000451e  0000453d        20   2
B
                                  00004540  00004bb7       678   4
R
                                  00004bb8  00004efb       344   4
SU
                                  00004efc  00004ffb       100   4
SI
                                  00004ffc  000052fb       300   4
PResetPRG
                                  fff80000  fff80034        35   1
C_1
                                  fff80100  fff801d1        d2   1
C_2
                                  fff801d2  fff803d3       202   2
C
                                  fff803d4  fff82333      1f60   4
C$DSEC
                                  fff82334  fff82357        24   4
C$BSEC
                                  fff82358  fff8236f        18   4
C$INIT
                                  fff82370  fff82370         0   1
C$VTBL
                                  fff82370  fff82370         0   1
C$VECT
                                  fff82370  fff8276f       400   4
D_1
                                  fff82770  fff827c5        56   1
D_2
                                  fff827c6  fff827e5        20   2
D
                                  fff827e8  fff82b2b       344   4
P
                                  fff82b2c  fff8f9e7      cebc   1
PIntPRG
                                  fff8f9e8  fff8fbcd       1e6   1
W_1
                                  fff8fbce  fff8fbf1        24   1
W_2
                                  fff8fbf2  fff8fc85        94   2
W
                                  fff8fc88  fff8fc88         0   4
L
                                  fff8fc88  fff90668       9e1   4
$ADDR_C_FFFFFF80
                                  ffffff80  ffffff83         4   1
$ADDR_C_FFFFFFA0
                                  ffffffa0  ffffffaf        10   1
FIXEDVECT
                                  ffffffd0  ffffffff        30   4
