Renesas Optimizing Linker (W2.08.00 )             29-Nov-2019 15:42:38

*** Options ***

-subcommand=DefaultBuild\2019baharat.clnk
-library=DefaultBuild\2019baharat.lib
-input=DefaultBuild\2019baharat.obj
-input=DefaultBuild\dbsct.obj
-input=DefaultBuild\intprg.obj
-input=DefaultBuild\resetprg.obj
-input=DefaultBuild\sbrk.obj
-input=DefaultBuild\vecttbl.obj
-input=DefaultBuild\hal_led.obj
-input=DefaultBuild\mode.obj
-input=DefaultBuild\lowlvl.obj
-input=DefaultBuild\lowsrc.obj
-input=DefaultBuild\hal_sci.obj
-input=DefaultBuild\hal_battery.obj
-input=DefaultBuild\hal_spk.obj
-input=DefaultBuild\hal_gyro.obj
-input=DefaultBuild\hal_spi.obj
-input=DefaultBuild\hal_dist.obj
-input=DefaultBuild\parameter.obj
-input=DefaultBuild\hal_dcm.obj
-input=DefaultBuild\hal_dcmCtrl.obj
-input=DefaultBuild\hal_enc.obj
-input=DefaultBuild\motion.obj
-input=DefaultBuild\map.obj
-input=DefaultBuild\hal_flash.obj
-noprelink
-output=DefaultBuild\2019baharat.abs
-list=DefaultBuild\2019baharat.map
-nooptimize
-start=B_1,R_1,B_2,R_2,B,R,SU,SI/04,PResetPRG/0FFF80000,C_1,C_2,C,C$DSEC,C$BSEC,C$INIT,C$VTBL,C$VECT,D_1,D_2,D,P,PIntPRG,W_1,W_2,W,L/0FFF80100,FIXEDVECT/0FFFFFFD0
-rom=D=R,D_1=R_1,D_2=R_2
-nologo
-end

*** Error information ***

*** Mapping List ***

SECTION                            START      END         SIZE   ALIGN
B_1
                                  00000004  00004551      454e   1
R_1
                                  00004552  000045aa        59   1
B_2
                                  000045ac  00005de5      183a   2
R_2
                                  00005de6  00005e07        22   2
B
                                  00005e08  0000d1b7      73b0   4
R
                                  0000d1b8  0000d50b       354   4
SU
                                  0000d50c  0000d60b       100   4
SI
                                  0000d60c  0000d90b       300   4
PResetPRG
                                  fff80000  fff80034        35   1
C_1
                                  fff80100  fff801d1        d2   1
C_2
                                  fff801d2  fff803d3       202   2
C
                                  fff803d4  fff82383      1fb0   4
C$DSEC
                                  fff82384  fff823a7        24   4
C$BSEC
                                  fff823a8  fff823bf        18   4
C$INIT
                                  fff823c0  fff823c0         0   1
C$VTBL
                                  fff823c0  fff823c0         0   1
C$VECT
                                  fff823c0  fff827bf       400   4
D_1
                                  fff827c0  fff82818        59   1
D_2
                                  fff8281a  fff8283b        22   2
D
                                  fff8283c  fff82b8f       354   4
P
                                  fff82b90  fff90332      d7a3   1
PIntPRG
                                  fff90333  fff90518       1e6   1
W_1
                                  fff90519  fff9053c        24   1
W_2
                                  fff9053e  fff905d7        9a   2
W
                                  fff905d8  fff905d8         0   4
L
                                  fff905d8  fff90eb4       8dd   4
$ADDR_C_FFFFFF80
                                  ffffff80  ffffff83         4   1
$ADDR_C_FFFFFFA0
                                  ffffffa0  ffffffaf        10   1
FIXEDVECT
                                  ffffffd0  ffffffff        30   4
