Renesas Optimizing Linker (W2.08.00 )             29-Nov-2019 20:27:55

*** Options ***

-subcommand=DefaultBuild\2019baharat.clnk
-library=DefaultBuild\2019baharat.lib
-input=DefaultBuild\2019baharat.obj
-input=DefaultBuild\dbsct.obj
-input=DefaultBuild\intprg.obj
-input=DefaultBuild\resetprg.obj
-input=DefaultBuild\sbrk.obj
-input=DefaultBuild\vecttbl.obj
-input=DefaultBuild\hal_led.obj
-input=DefaultBuild\mode.obj
-input=DefaultBuild\lowlvl.obj
-input=DefaultBuild\lowsrc.obj
-input=DefaultBuild\hal_sci.obj
-input=DefaultBuild\hal_battery.obj
-input=DefaultBuild\hal_spk.obj
-input=DefaultBuild\hal_gyro.obj
-input=DefaultBuild\hal_spi.obj
-input=DefaultBuild\hal_dist.obj
-input=DefaultBuild\parameter.obj
-input=DefaultBuild\hal_dcm.obj
-input=DefaultBuild\hal_dcmCtrl.obj
-input=DefaultBuild\hal_enc.obj
-input=DefaultBuild\motion.obj
-input=DefaultBuild\map.obj
-input=DefaultBuild\hal_flash.obj
-noprelink
-output=DefaultBuild\2019baharat.abs
-list=DefaultBuild\2019baharat.map
-nooptimize
-start=B_1,R_1,B_2,R_2,B,R,SU,SI/04,PResetPRG/0FFF80000,C_1,C_2,C,C$DSEC,C$BSEC,C$INIT,C$VTBL,C$VECT,D_1,D_2,D,P,PIntPRG,W_1,W_2,W,L/0FFF80100,FIXEDVECT/0FFFFFFD0
-rom=D=R,D_1=R_1,D_2=R_2
-nologo
-end

*** Error information ***

*** Mapping List ***

SECTION                            START      END         SIZE   ALIGN
B_1
                                  00000004  00004551      454e   1
R_1
                                  00004552  000045aa        59   1
B_2
                                  000045ac  0000480d       262   2
R_2
                                  0000480e  0000482f        22   2
B
                                  00004830  0000bbdf      73b0   4
R
                                  0000bbe0  0000bf33       354   4
SU
                                  0000bf34  0000c033       100   4
SI
                                  0000c034  0000c333       300   4
PResetPRG
                                  fff80000  fff80034        35   1
C_1
                                  fff80100  fff801d1        d2   1
C_2
                                  fff801d2  fff803d3       202   2
C
                                  fff803d4  fff82383      1fb0   4
C$DSEC
                                  fff82384  fff823a7        24   4
C$BSEC
                                  fff823a8  fff823bf        18   4
C$INIT
                                  fff823c0  fff823c0         0   1
C$VTBL
                                  fff823c0  fff823c0         0   1
C$VECT
                                  fff823c0  fff827bf       400   4
D_1
                                  fff827c0  fff82818        59   1
D_2
                                  fff8281a  fff8283b        22   2
D
                                  fff8283c  fff82b8f       354   4
P
                                  fff82b90  fff9035f      d7d0   1
PIntPRG
                                  fff90360  fff90545       1e6   1
W_1
                                  fff90546  fff90569        24   1
W_2
                                  fff9056a  fff90603        9a   2
W
                                  fff90604  fff90604         0   4
L
                                  fff90604  fff90ee0       8dd   4
$ADDR_C_FFFFFF80
                                  ffffff80  ffffff83         4   1
$ADDR_C_FFFFFFA0
                                  ffffffa0  ffffffaf        10   1
FIXEDVECT
                                  ffffffd0  ffffffff        30   4
