Renesas Optimizing Linker (W2.08.00 )             17-Sep-2019 21:39:14

*** Options ***

-subcommand=DefaultBuild\2019baharat.clnk
-library=DefaultBuild\2019baharat.lib
-input=DefaultBuild\2019baharat.obj
-input=DefaultBuild\dbsct.obj
-input=DefaultBuild\intprg.obj
-input=DefaultBuild\resetprg.obj
-input=DefaultBuild\sbrk.obj
-input=DefaultBuild\vecttbl.obj
-input=DefaultBuild\hal_led.obj
-input=DefaultBuild\mode.obj
-input=DefaultBuild\lowlvl.obj
-input=DefaultBuild\lowsrc.obj
-input=DefaultBuild\hal_sci.obj
-input=DefaultBuild\hal_battery.obj
-input=DefaultBuild\hal_spk.obj
-input=DefaultBuild\hal_gyro.obj
-input=DefaultBuild\hal_spi.obj
-input=DefaultBuild\hal_dist.obj
-input=DefaultBuild\parameter.obj
-input=DefaultBuild\hal_dcm.obj
-input=DefaultBuild\hal_dcmCtrl.obj
-input=DefaultBuild\hal_enc.obj
-input=DefaultBuild\motion.obj
-input=DefaultBuild\map.obj
-input=DefaultBuild\hal_flash.obj
-noprelink
-output=DefaultBuild\2019baharat.abs
-list=DefaultBuild\2019baharat.map
-nooptimize
-start=B_1,R_1,B_2,R_2,B,R,SU,SI/04,PResetPRG/0FFF80000,C_1,C_2,C,C$DSEC,C$BSEC,C$INIT,C$VTBL,C$VECT,D_1,D_2,D,P,PIntPRG,W_1,W_2,W,L/0FFF80100,FIXEDVECT/0FFFFFFD0
-rom=D=R,D_1=R_1,D_2=R_2
-nologo
-end

*** Error information ***

*** Mapping List ***

SECTION                            START      END         SIZE   ALIGN
B_1
                                  00000004  00004230      422d   1
R_1
                                  00004231  00004286        56   1
B_2
                                  00004288  0000451b       294   2
R_2
                                  0000451c  0000453d        22   2
B
                                  00004540  000091df      4ca0   4
R
                                  000091e0  0000951f       340   4
SU
                                  00009520  0000961f       100   4
SI
                                  00009620  0000991f       300   4
PResetPRG
                                  fff80000  fff80034        35   1
C_1
                                  fff80100  fff801d1        d2   1
C_2
                                  fff801d2  fff803d3       202   2
C
                                  fff803d4  fff81d93      19c0   4
C$DSEC
                                  fff81d94  fff81db7        24   4
C$BSEC
                                  fff81db8  fff81dcf        18   4
C$INIT
                                  fff81dd0  fff81dd0         0   1
C$VTBL
                                  fff81dd0  fff81dd0         0   1
C$VECT
                                  fff81dd0  fff821cf       400   4
D_1
                                  fff821d0  fff82225        56   1
D_2
                                  fff82226  fff82247        22   2
D
                                  fff82248  fff82587       340   4
P
                                  fff82588  fff8ee67      c8e0   1
PIntPRG
                                  fff8ee68  fff8f04d       1e6   1
W_1
                                  fff8f04e  fff8f05f        12   1
W_2
                                  fff8f060  fff8f0d9        7a   2
W
                                  fff8f0dc  fff8f0dc         0   4
L
                                  fff8f0dc  fff8fc08       b2d   4
$ADDR_C_FFFFFF80
                                  ffffff80  ffffff83         4   1
$ADDR_C_FFFFFFA0
                                  ffffffa0  ffffffaf        10   1
FIXEDVECT
                                  ffffffd0  ffffffff        30   4
