Renesas Optimizing Linker (W2.08.00 )             25-Nov-2019 21:42:46

*** Options ***

-subcommand=DefaultBuild\2019baharat.clnk
-library=DefaultBuild\2019baharat.lib
-input=DefaultBuild\2019baharat.obj
-input=DefaultBuild\dbsct.obj
-input=DefaultBuild\intprg.obj
-input=DefaultBuild\resetprg.obj
-input=DefaultBuild\sbrk.obj
-input=DefaultBuild\vecttbl.obj
-input=DefaultBuild\hal_led.obj
-input=DefaultBuild\mode.obj
-input=DefaultBuild\lowlvl.obj
-input=DefaultBuild\lowsrc.obj
-input=DefaultBuild\hal_sci.obj
-input=DefaultBuild\hal_battery.obj
-input=DefaultBuild\hal_spk.obj
-input=DefaultBuild\hal_gyro.obj
-input=DefaultBuild\hal_spi.obj
-input=DefaultBuild\hal_dist.obj
-input=DefaultBuild\parameter.obj
-input=DefaultBuild\hal_dcm.obj
-input=DefaultBuild\hal_dcmCtrl.obj
-input=DefaultBuild\hal_enc.obj
-input=DefaultBuild\motion.obj
-input=DefaultBuild\map.obj
-input=DefaultBuild\hal_flash.obj
-noprelink
-output=DefaultBuild\2019baharat.abs
-list=DefaultBuild\2019baharat.map
-nooptimize
-start=B_1,R_1,B_2,R_2,B,R,SU,SI/04,PResetPRG/0FFF80000,C_1,C_2,C,C$DSEC,C$BSEC,C$INIT,C$VTBL,C$VECT,D_1,D_2,D,P,PIntPRG,W_1,W_2,W,L/0FFF80100,FIXEDVECT/0FFFFFFD0
-rom=D=R,D_1=R_1,D_2=R_2
-nologo
-end

*** Error information ***

*** Mapping List ***

SECTION                            START      END         SIZE   ALIGN
B_1
                                  00000004  00004551      454e   1
R_1
                                  00004552  000045a9        58   1
B_2
                                  000045aa  0000483f       296   2
R_2
                                  00004840  00004861        22   2
B
                                  00004864  0000bc13      73b0   4
R
                                  0000bc14  0000bf5f       34c   4
SU
                                  0000bf60  0000c05f       100   4
SI
                                  0000c060  0000c35f       300   4
PResetPRG
                                  fff80000  fff80034        35   1
C_1
                                  fff80100  fff801d1        d2   1
C_2
                                  fff801d2  fff803d3       202   2
C
                                  fff803d4  fff82333      1f60   4
C$DSEC
                                  fff82334  fff82357        24   4
C$BSEC
                                  fff82358  fff8236f        18   4
C$INIT
                                  fff82370  fff82370         0   1
C$VTBL
                                  fff82370  fff82370         0   1
C$VECT
                                  fff82370  fff8276f       400   4
D_1
                                  fff82770  fff827c7        58   1
D_2
                                  fff827c8  fff827e9        22   2
D
                                  fff827ec  fff82b37       34c   4
P
                                  fff82b38  fff906b6      db7f   1
PIntPRG
                                  fff906b7  fff9089c       1e6   1
W_1
                                  fff9089d  fff908c0        24   1
W_2
                                  fff908c2  fff9095b        9a   2
W
                                  fff9095c  fff9095c         0   4
L
                                  fff9095c  fff91204       8a9   4
$ADDR_C_FFFFFF80
                                  ffffff80  ffffff83         4   1
$ADDR_C_FFFFFFA0
                                  ffffffa0  ffffffaf        10   1
FIXEDVECT
                                  ffffffd0  ffffffff        30   4
