Renesas Optimizing Linker (W2.08.00 )             10-Sep-2019 00:38:29

*** Options ***

-subcommand=DefaultBuild\2019baharat.clnk
-library=DefaultBuild\2019baharat.lib
-input=DefaultBuild\2019baharat.obj
-input=DefaultBuild\dbsct.obj
-input=DefaultBuild\intprg.obj
-input=DefaultBuild\resetprg.obj
-input=DefaultBuild\sbrk.obj
-input=DefaultBuild\vecttbl.obj
-input=DefaultBuild\hal_led.obj
-input=DefaultBuild\mode.obj
-input=DefaultBuild\lowlvl.obj
-input=DefaultBuild\lowsrc.obj
-input=DefaultBuild\hal_sci.obj
-input=DefaultBuild\hal_battery.obj
-input=DefaultBuild\hal_spk.obj
-input=DefaultBuild\hal_gyro.obj
-input=DefaultBuild\hal_spi.obj
-input=DefaultBuild\hal_dist.obj
-input=DefaultBuild\parameter.obj
-input=DefaultBuild\hal_dcm.obj
-input=DefaultBuild\hal_dcmCtrl.obj
-input=DefaultBuild\hal_enc.obj
-input=DefaultBuild\motion.obj
-input=DefaultBuild\map.obj
-input=DefaultBuild\hal_flash.obj
-noprelink
-output=DefaultBuild\2019baharat.abs
-list=DefaultBuild\2019baharat.map
-nooptimize
-start=B_1,R_1,B_2,R_2,B,R,SU,SI/04,PResetPRG/0FFF80000,C_1,C_2,C,C$DSEC,C$BSEC,C$INIT,C$VTBL,C$VECT,D_1,D_2,D,P,PIntPRG,W_1,W_2,W,L/0FFF80100,FIXEDVECT/0FFFFFFD0
-rom=D=R,D_1=R_1,D_2=R_2
-nologo
-end

*** Error information ***

*** Mapping List ***

SECTION                            START      END         SIZE   ALIGN
B_1
                                  00000004  00004230      422d   1
R_1
                                  00004231  00004285        55   1
B_2
                                  00004286  00004519       294   2
R_2
                                  0000451a  0000453b        22   2
B
                                  0000453c  000091db      4ca0   4
R
                                  000091dc  00009513       338   4
SU
                                  00009514  00009613       100   4
SI
                                  00009614  00009913       300   4
PResetPRG
                                  fff80000  fff80034        35   1
C_1
                                  fff80100  fff801d1        d2   1
C_2
                                  fff801d2  fff803d3       202   2
C
                                  fff803d4  fff819d3      1600   4
C$DSEC
                                  fff819d4  fff819f7        24   4
C$BSEC
                                  fff819f8  fff81a0f        18   4
C$INIT
                                  fff81a10  fff81a10         0   1
C$VTBL
                                  fff81a10  fff81a10         0   1
C$VECT
                                  fff81a10  fff81e0f       400   4
D_1
                                  fff81e10  fff81e64        55   1
D_2
                                  fff81e66  fff81e87        22   2
D
                                  fff81e88  fff821bf       338   4
P
                                  fff821c0  fff8e194      bfd5   1
PIntPRG
                                  fff8e195  fff8e37a       1e6   1
W_1
                                  fff8e37b  fff8e38c        12   1
W_2
                                  fff8e38e  fff8e3ed        60   2
W
                                  fff8e3f0  fff8e3f0         0   4
L
                                  fff8e3f0  fff8ee7c       a8d   4
$ADDR_C_FFFFFF80
                                  ffffff80  ffffff83         4   1
$ADDR_C_FFFFFFA0
                                  ffffffa0  ffffffaf        10   1
FIXEDVECT
                                  ffffffd0  ffffffff        30   4
