Renesas Optimizing Linker (W2.08.00 )             06-Aug-2019 21:50:17

*** Options ***

-subcommand=DefaultBuild\2019baharat.clnk
-library=DefaultBuild\2019baharat.lib
-input=DefaultBuild\2019baharat.obj
-input=DefaultBuild\dbsct.obj
-input=DefaultBuild\intprg.obj
-input=DefaultBuild\resetprg.obj
-input=DefaultBuild\sbrk.obj
-input=DefaultBuild\vecttbl.obj
-input=DefaultBuild\hal_led.obj
-input=DefaultBuild\mode.obj
-input=DefaultBuild\lowlvl.obj
-input=DefaultBuild\lowsrc.obj
-input=DefaultBuild\hal_sci.obj
-input=DefaultBuild\hal_battery.obj
-input=DefaultBuild\hal_spk.obj
-input=DefaultBuild\hal_gyro.obj
-input=DefaultBuild\hal_spi.obj
-input=DefaultBuild\hal_dist.obj
-input=DefaultBuild\parameter.obj
-input=DefaultBuild\hal_dcm.obj
-input=DefaultBuild\hal_dcmCtrl.obj
-input=DefaultBuild\hal_enc.obj
-input=DefaultBuild\motion.obj
-noprelink
-output=DefaultBuild\2019baharat.abs
-list=DefaultBuild\2019baharat.map
-nooptimize
-start=B_1,R_1,B_2,R_2,B,R,SU,SI/04,PResetPRG/0FFF80000,C_1,C_2,C,C$DSEC,C$BSEC,C$INIT,C$VTBL,C$VECT,D_1,D_2,D,P,PIntPRG,W_1,W_2,W,L/0FFF80100,FIXEDVECT/0FFFFFFD0
-rom=D=R,D_1=R_1,D_2=R_2
-nologo
-end

*** Error information ***

*** Mapping List ***

SECTION                            START      END         SIZE   ALIGN
B_1
                                  00000004  0000002e        2b   1
R_1
                                  0000002f  00000082        54   1
B_2
                                  00000084  000000d7        54   2
R_2
                                  000000d8  000000f5        1e   2
B
                                  000000f8  00006827      6730   4
R
                                  00006828  00006b5b       334   4
SU
                                  00006b5c  00006c5b       100   4
SI
                                  00006c5c  00006f5b       300   4
PResetPRG
                                  fff80000  fff80034        35   1
C_1
                                  fff80100  fff801d1        d2   1
C_2
                                  fff801d2  fff803d3       202   2
C
                                  fff803d4  fff8172b      1358   4
C$DSEC
                                  fff8172c  fff8174f        24   4
C$BSEC
                                  fff81750  fff81767        18   4
C$INIT
                                  fff81768  fff81768         0   1
C$VTBL
                                  fff81768  fff81768         0   1
C$VECT
                                  fff81768  fff81b67       400   4
D_1
                                  fff81b68  fff81bbb        54   1
D_2
                                  fff81bbc  fff81bd9        1e   2
D
                                  fff81bdc  fff81f0f       334   4
P
                                  fff81f10  fff896f8      77e9   1
PIntPRG
                                  fff896f9  fff898de       1e6   1
W_1
                                  fff898df  fff898f0        12   1
W_2
                                  fff898f2  fff89951        60   2
W
                                  fff89954  fff89954         0   4
L
                                  fff89954  fff89d30       3dd   4
$ADDR_C_FFFFFF80
                                  ffffff80  ffffff83         4   1
$ADDR_C_FFFFFFA0
                                  ffffffa0  ffffffaf        10   1
FIXEDVECT
                                  ffffffd0  ffffffff        30   4
